[2024-10-20T22:12:21.870+0200][gc] Using G1
[2024-10-20T22:12:21.884+0200][gc,init] Version: 17.0.12+7-Ubuntu-1ubuntu222.04 (release)
[2024-10-20T22:12:21.884+0200][gc,init] CPUs: 8 total, 8 available
[2024-10-20T22:12:21.884+0200][gc,init] Memory: 6865M
[2024-10-20T22:12:21.884+0200][gc,init] Large Page Support: Disabled
[2024-10-20T22:12:21.884+0200][gc,init] NUMA Support: Disabled
[2024-10-20T22:12:21.884+0200][gc,init] Compressed Oops: Enabled (32-bit)
[2024-10-20T22:12:21.884+0200][gc,init] Heap Region Size: 1M
[2024-10-20T22:12:21.884+0200][gc,init] Heap Min Capacity: 1G
[2024-10-20T22:12:21.884+0200][gc,init] Heap Initial Capacity: 1G
[2024-10-20T22:12:21.884+0200][gc,init] Heap Max Capacity: 1G
[2024-10-20T22:12:21.884+0200][gc,init] Pre-touch: Disabled
[2024-10-20T22:12:21.884+0200][gc,init] Parallel Workers: 8
[2024-10-20T22:12:21.884+0200][gc,init] Concurrent Workers: 2
[2024-10-20T22:12:21.884+0200][gc,init] Concurrent Refinement Workers: 8
[2024-10-20T22:12:21.884+0200][gc,init] Periodic GC: Disabled
[2024-10-20T22:12:21.893+0200][gc,metaspace] CDS archive(s) mapped at: [0x0000763143000000-0x0000763143bc4000-0x0000763143bc4000), size 12337152, SharedBaseAddress: 0x0000763143000000, ArchiveRelocationMode: 1.
[2024-10-20T22:12:21.894+0200][gc,metaspace] Compressed class space mapped at: 0x0000763144000000-0x0000763184000000, reserved size: 1073741824
[2024-10-20T22:12:21.894+0200][gc,metaspace] Narrow klass base: 0x0000763143000000, Narrow klass shift: 0, Narrow klass range: 0x100000000
[2024-10-20T22:12:22.946+0200][gc,start    ] GC(0) Pause Young (Normal) (G1 Evacuation Pause)
[2024-10-20T22:12:22.947+0200][gc,task     ] GC(0) Using 8 workers of 8 for evacuation
[2024-10-20T22:12:22.952+0200][gc,phases   ] GC(0)   Pre Evacuate Collection Set: 0,1ms
[2024-10-20T22:12:22.952+0200][gc,phases   ] GC(0)   Merge Heap Roots: 0,1ms
[2024-10-20T22:12:22.952+0200][gc,phases   ] GC(0)   Evacuate Collection Set: 4,1ms
[2024-10-20T22:12:22.952+0200][gc,phases   ] GC(0)   Post Evacuate Collection Set: 0,5ms
[2024-10-20T22:12:22.952+0200][gc,phases   ] GC(0)   Other: 1,2ms
[2024-10-20T22:12:22.953+0200][gc,heap     ] GC(0) Eden regions: 51->0(44)
[2024-10-20T22:12:22.953+0200][gc,heap     ] GC(0) Survivor regions: 0->7(7)
[2024-10-20T22:12:22.953+0200][gc,heap     ] GC(0) Old regions: 0->1
[2024-10-20T22:12:22.953+0200][gc,heap     ] GC(0) Archive regions: 2->2
[2024-10-20T22:12:22.953+0200][gc,heap     ] GC(0) Humongous regions: 0->0
[2024-10-20T22:12:22.953+0200][gc,metaspace] GC(0) Metaspace: 17725K(17920K)->17725K(17920K) NonClass: 15589K(15680K)->15589K(15680K) Class: 2135K(2240K)->2135K(2240K)
[2024-10-20T22:12:22.953+0200][gc          ] GC(0) Pause Young (Normal) (G1 Evacuation Pause) 51M->8M(1024M) 6,170ms
[2024-10-20T22:12:22.953+0200][gc,cpu      ] GC(0) User=0,02s Sys=0,01s Real=0,01s
[2024-10-20T22:12:23.209+0200][gc,start    ] GC(1) Pause Young (Concurrent Start) (Metadata GC Threshold)
[2024-10-20T22:12:23.209+0200][gc,task     ] GC(1) Using 8 workers of 8 for evacuation
[2024-10-20T22:12:23.214+0200][gc,phases   ] GC(1)   Pre Evacuate Collection Set: 0,1ms
[2024-10-20T22:12:23.214+0200][gc,phases   ] GC(1)   Merge Heap Roots: 0,0ms
[2024-10-20T22:12:23.214+0200][gc,phases   ] GC(1)   Evacuate Collection Set: 4,0ms
[2024-10-20T22:12:23.214+0200][gc,phases   ] GC(1)   Post Evacuate Collection Set: 0,5ms
[2024-10-20T22:12:23.214+0200][gc,phases   ] GC(1)   Other: 0,3ms
[2024-10-20T22:12:23.214+0200][gc,heap     ] GC(1) Eden regions: 14->0(49)
[2024-10-20T22:12:23.214+0200][gc,heap     ] GC(1) Survivor regions: 7->2(7)
[2024-10-20T22:12:23.214+0200][gc,heap     ] GC(1) Old regions: 1->8
[2024-10-20T22:12:23.214+0200][gc,heap     ] GC(1) Archive regions: 2->2
[2024-10-20T22:12:23.214+0200][gc,heap     ] GC(1) Humongous regions: 0->0
[2024-10-20T22:12:23.214+0200][gc,metaspace] GC(1) Metaspace: 21326K(21504K)->21326K(21504K) NonClass: 18724K(18816K)->18724K(18816K) Class: 2602K(2688K)->2602K(2688K)
[2024-10-20T22:12:23.214+0200][gc          ] GC(1) Pause Young (Concurrent Start) (Metadata GC Threshold) 22M->9M(1024M) 5,065ms
[2024-10-20T22:12:23.214+0200][gc,cpu      ] GC(1) User=0,03s Sys=0,01s Real=0,00s
[2024-10-20T22:12:23.214+0200][gc          ] GC(2) Concurrent Mark Cycle
[2024-10-20T22:12:23.214+0200][gc,marking  ] GC(2) Concurrent Clear Claimed Marks
[2024-10-20T22:12:23.214+0200][gc,marking  ] GC(2) Concurrent Clear Claimed Marks 0,024ms
[2024-10-20T22:12:23.214+0200][gc,marking  ] GC(2) Concurrent Scan Root Regions
[2024-10-20T22:12:23.218+0200][gc,marking  ] GC(2) Concurrent Scan Root Regions 3,228ms
[2024-10-20T22:12:23.218+0200][gc,marking  ] GC(2) Concurrent Mark
[2024-10-20T22:12:23.218+0200][gc,marking  ] GC(2) Concurrent Mark From Roots
[2024-10-20T22:12:23.218+0200][gc,task     ] GC(2) Using 2 workers of 2 for marking
[2024-10-20T22:12:23.220+0200][gc,marking  ] GC(2) Concurrent Mark From Roots 1,968ms
[2024-10-20T22:12:23.220+0200][gc,marking  ] GC(2) Concurrent Preclean
[2024-10-20T22:12:23.220+0200][gc,marking  ] GC(2) Concurrent Preclean 0,169ms
[2024-10-20T22:12:23.220+0200][gc,start    ] GC(2) Pause Remark
[2024-10-20T22:12:23.222+0200][gc          ] GC(2) Pause Remark 10M->10M(1024M) 1,866ms
[2024-10-20T22:12:23.222+0200][gc,cpu      ] GC(2) User=0,00s Sys=0,00s Real=0,00s
[2024-10-20T22:12:23.222+0200][gc,marking  ] GC(2) Concurrent Mark 4,248ms
[2024-10-20T22:12:23.222+0200][gc,marking  ] GC(2) Concurrent Rebuild Remembered Sets
[2024-10-20T22:12:23.222+0200][gc,marking  ] GC(2) Concurrent Rebuild Remembered Sets 0,010ms
[2024-10-20T22:12:23.222+0200][gc,start    ] GC(2) Pause Cleanup
[2024-10-20T22:12:23.222+0200][gc          ] GC(2) Pause Cleanup 10M->10M(1024M) 0,013ms
[2024-10-20T22:12:23.222+0200][gc,cpu      ] GC(2) User=0,00s Sys=0,00s Real=0,00s
[2024-10-20T22:12:23.222+0200][gc,marking  ] GC(2) Concurrent Cleanup for Next Mark
[2024-10-20T22:12:23.229+0200][gc,marking  ] GC(2) Concurrent Cleanup for Next Mark 6,990ms
[2024-10-20T22:12:23.229+0200][gc          ] GC(2) Concurrent Mark Cycle 14,892ms
[2024-10-20T22:12:24.120+0200][gc,start    ] GC(3) Pause Young (Normal) (G1 Evacuation Pause)
[2024-10-20T22:12:24.120+0200][gc,task     ] GC(3) Using 8 workers of 8 for evacuation
[2024-10-20T22:12:24.125+0200][gc,phases   ] GC(3)   Pre Evacuate Collection Set: 0,1ms
[2024-10-20T22:12:24.125+0200][gc,phases   ] GC(3)   Merge Heap Roots: 0,0ms
[2024-10-20T22:12:24.125+0200][gc,phases   ] GC(3)   Evacuate Collection Set: 4,3ms
[2024-10-20T22:12:24.125+0200][gc,phases   ] GC(3)   Post Evacuate Collection Set: 0,5ms
[2024-10-20T22:12:24.125+0200][gc,phases   ] GC(3)   Other: 0,2ms
[2024-10-20T22:12:24.125+0200][gc,heap     ] GC(3) Eden regions: 49->0(45)
[2024-10-20T22:12:24.125+0200][gc,heap     ] GC(3) Survivor regions: 2->6(7)
[2024-10-20T22:12:24.125+0200][gc,heap     ] GC(3) Old regions: 8->8
[2024-10-20T22:12:24.125+0200][gc,heap     ] GC(3) Archive regions: 2->2
[2024-10-20T22:12:24.125+0200][gc,heap     ] GC(3) Humongous regions: 129->129
[2024-10-20T22:12:24.125+0200][gc,metaspace] GC(3) Metaspace: 30327K(30592K)->30327K(30592K) NonClass: 26858K(27008K)->26858K(27008K) Class: 3469K(3584K)->3469K(3584K)
[2024-10-20T22:12:24.125+0200][gc          ] GC(3) Pause Young (Normal) (G1 Evacuation Pause) 187M->143M(1024M) 5,213ms
[2024-10-20T22:12:24.125+0200][gc,cpu      ] GC(3) User=0,02s Sys=0,01s Real=0,00s
[2024-10-20T22:12:24.440+0200][gc,start    ] GC(4) Pause Young (Concurrent Start) (Metadata GC Threshold)
[2024-10-20T22:12:24.440+0200][gc,task     ] GC(4) Using 8 workers of 8 for evacuation
[2024-10-20T22:12:24.445+0200][gc,phases   ] GC(4)   Pre Evacuate Collection Set: 0,2ms
[2024-10-20T22:12:24.445+0200][gc,phases   ] GC(4)   Merge Heap Roots: 0,1ms
[2024-10-20T22:12:24.445+0200][gc,phases   ] GC(4)   Evacuate Collection Set: 4,3ms
[2024-10-20T22:12:24.445+0200][gc,phases   ] GC(4)   Post Evacuate Collection Set: 0,4ms
[2024-10-20T22:12:24.445+0200][gc,phases   ] GC(4)   Other: 0,2ms
[2024-10-20T22:12:24.445+0200][gc,heap     ] GC(4) Eden regions: 22->0(49)
[2024-10-20T22:12:24.445+0200][gc,heap     ] GC(4) Survivor regions: 6->2(7)
[2024-10-20T22:12:24.445+0200][gc,heap     ] GC(4) Old regions: 8->14
[2024-10-20T22:12:24.445+0200][gc,heap     ] GC(4) Archive regions: 2->2
[2024-10-20T22:12:24.445+0200][gc,heap     ] GC(4) Humongous regions: 129->129
[2024-10-20T22:12:24.445+0200][gc,metaspace] GC(4) Metaspace: 35823K(36096K)->35823K(36096K) NonClass: 31770K(31936K)->31770K(31936K) Class: 4052K(4160K)->4052K(4160K)
[2024-10-20T22:12:24.445+0200][gc          ] GC(4) Pause Young (Concurrent Start) (Metadata GC Threshold) 165M->145M(1024M) 5,231ms
[2024-10-20T22:12:24.445+0200][gc,cpu      ] GC(4) User=0,02s Sys=0,01s Real=0,00s
[2024-10-20T22:12:24.445+0200][gc          ] GC(5) Concurrent Mark Cycle
[2024-10-20T22:12:24.445+0200][gc,marking  ] GC(5) Concurrent Clear Claimed Marks
[2024-10-20T22:12:24.445+0200][gc,marking  ] GC(5) Concurrent Clear Claimed Marks 0,022ms
[2024-10-20T22:12:24.445+0200][gc,marking  ] GC(5) Concurrent Scan Root Regions
[2024-10-20T22:12:24.449+0200][gc,marking  ] GC(5) Concurrent Scan Root Regions 3,500ms
[2024-10-20T22:12:24.449+0200][gc,marking  ] GC(5) Concurrent Mark
[2024-10-20T22:12:24.449+0200][gc,marking  ] GC(5) Concurrent Mark From Roots
[2024-10-20T22:12:24.449+0200][gc,task     ] GC(5) Using 2 workers of 2 for marking
[2024-10-20T22:12:24.456+0200][gc,marking  ] GC(5) Concurrent Mark From Roots 7,359ms
[2024-10-20T22:12:24.456+0200][gc,marking  ] GC(5) Concurrent Preclean
[2024-10-20T22:12:24.456+0200][gc,marking  ] GC(5) Concurrent Preclean 0,174ms
[2024-10-20T22:12:24.457+0200][gc,start    ] GC(5) Pause Remark
[2024-10-20T22:12:24.458+0200][gc          ] GC(5) Pause Remark 146M->146M(1024M) 1,559ms
[2024-10-20T22:12:24.458+0200][gc,cpu      ] GC(5) User=0,01s Sys=0,00s Real=0,01s
[2024-10-20T22:12:24.458+0200][gc,marking  ] GC(5) Concurrent Mark 9,534ms
[2024-10-20T22:12:24.458+0200][gc,marking  ] GC(5) Concurrent Rebuild Remembered Sets
[2024-10-20T22:12:24.464+0200][gc,marking  ] GC(5) Concurrent Rebuild Remembered Sets 5,323ms
[2024-10-20T22:12:24.464+0200][gc,start    ] GC(5) Pause Cleanup
[2024-10-20T22:12:24.464+0200][gc          ] GC(5) Pause Cleanup 147M->147M(1024M) 0,133ms
[2024-10-20T22:12:24.464+0200][gc,cpu      ] GC(5) User=0,00s Sys=0,00s Real=0,00s
[2024-10-20T22:12:24.464+0200][gc,marking  ] GC(5) Concurrent Cleanup for Next Mark
[2024-10-20T22:12:24.471+0200][gc,marking  ] GC(5) Concurrent Cleanup for Next Mark 6,673ms
[2024-10-20T22:12:24.471+0200][gc          ] GC(5) Concurrent Mark Cycle 25,538ms
[2024-10-20T22:16:20.093+0200][gc,start    ] GC(6) Pause Young (Normal) (G1 Evacuation Pause)
[2024-10-20T22:16:20.093+0200][gc,task     ] GC(6) Using 8 workers of 8 for evacuation
[2024-10-20T22:16:20.100+0200][gc,phases   ] GC(6)   Pre Evacuate Collection Set: 0,3ms
[2024-10-20T22:16:20.100+0200][gc,phases   ] GC(6)   Merge Heap Roots: 0,1ms
[2024-10-20T22:16:20.100+0200][gc,phases   ] GC(6)   Evacuate Collection Set: 6,1ms
[2024-10-20T22:16:20.100+0200][gc,phases   ] GC(6)   Post Evacuate Collection Set: 1,0ms
[2024-10-20T22:16:20.101+0200][gc,phases   ] GC(6)   Other: 0,2ms
[2024-10-20T22:16:20.101+0200][gc,heap     ] GC(6) Eden regions: 49->0(45)
[2024-10-20T22:16:20.101+0200][gc,heap     ] GC(6) Survivor regions: 2->6(7)
[2024-10-20T22:16:20.101+0200][gc,heap     ] GC(6) Old regions: 14->14
[2024-10-20T22:16:20.101+0200][gc,heap     ] GC(6) Archive regions: 2->2
[2024-10-20T22:16:20.101+0200][gc,heap     ] GC(6) Humongous regions: 135->129
[2024-10-20T22:16:20.101+0200][gc,metaspace] GC(6) Metaspace: 41578K(42176K)->41578K(42176K) NonClass: 36661K(36992K)->36661K(36992K) Class: 4916K(5184K)->4916K(5184K)
[2024-10-20T22:16:20.101+0200][gc          ] GC(6) Pause Young (Normal) (G1 Evacuation Pause) 200M->149M(1024M) 7,968ms
[2024-10-20T22:16:20.101+0200][gc,cpu      ] GC(6) User=0,05s Sys=0,00s Real=0,01s
[2024-10-20T22:23:58.672+0200][gc,start    ] GC(7) Pause Young (Normal) (G1 Evacuation Pause)
[2024-10-20T22:23:58.672+0200][gc,task     ] GC(7) Using 8 workers of 8 for evacuation
[2024-10-20T22:23:58.678+0200][gc,phases   ] GC(7)   Pre Evacuate Collection Set: 0,1ms
[2024-10-20T22:23:58.679+0200][gc,phases   ] GC(7)   Merge Heap Roots: 0,1ms
[2024-10-20T22:23:58.679+0200][gc,phases   ] GC(7)   Evacuate Collection Set: 5,4ms
[2024-10-20T22:23:58.679+0200][gc,phases   ] GC(7)   Post Evacuate Collection Set: 0,6ms
[2024-10-20T22:23:58.679+0200][gc,phases   ] GC(7)   Other: 0,2ms
[2024-10-20T22:23:58.679+0200][gc,heap     ] GC(7) Eden regions: 45->0(48)
[2024-10-20T22:23:58.679+0200][gc,heap     ] GC(7) Survivor regions: 6->3(7)
[2024-10-20T22:23:58.679+0200][gc,heap     ] GC(7) Old regions: 14->17
[2024-10-20T22:23:58.679+0200][gc,heap     ] GC(7) Archive regions: 2->2
[2024-10-20T22:23:58.679+0200][gc,heap     ] GC(7) Humongous regions: 129->129
[2024-10-20T22:23:58.679+0200][gc,metaspace] GC(7) Metaspace: 41896K(42496K)->41896K(42496K) NonClass: 36950K(37312K)->36950K(37312K) Class: 4946K(5184K)->4946K(5184K)
[2024-10-20T22:23:58.679+0200][gc          ] GC(7) Pause Young (Normal) (G1 Evacuation Pause) 194M->149M(1024M) 7,089ms
[2024-10-20T22:23:58.679+0200][gc,cpu      ] GC(7) User=0,05s Sys=0,00s Real=0,01s
[2024-10-20T22:32:54.732+0200][gc,start    ] GC(8) Pause Young (Normal) (G1 Evacuation Pause)
[2024-10-20T22:32:54.732+0200][gc,task     ] GC(8) Using 8 workers of 8 for evacuation
[2024-10-20T22:32:54.739+0200][gc,phases   ] GC(8)   Pre Evacuate Collection Set: 0,2ms
[2024-10-20T22:32:54.739+0200][gc,phases   ] GC(8)   Merge Heap Roots: 0,1ms
[2024-10-20T22:32:54.739+0200][gc,phases   ] GC(8)   Evacuate Collection Set: 5,7ms
[2024-10-20T22:32:54.739+0200][gc,phases   ] GC(8)   Post Evacuate Collection Set: 0,5ms
[2024-10-20T22:32:54.739+0200][gc,phases   ] GC(8)   Other: 0,2ms
[2024-10-20T22:32:54.739+0200][gc,heap     ] GC(8) Eden regions: 48->0(45)
[2024-10-20T22:32:54.739+0200][gc,heap     ] GC(8) Survivor regions: 3->6(7)
[2024-10-20T22:32:54.739+0200][gc,heap     ] GC(8) Old regions: 17->17
[2024-10-20T22:32:54.739+0200][gc,heap     ] GC(8) Archive regions: 2->2
[2024-10-20T22:32:54.739+0200][gc,heap     ] GC(8) Humongous regions: 129->129
[2024-10-20T22:32:54.739+0200][gc,metaspace] GC(8) Metaspace: 42030K(42624K)->42030K(42624K) NonClass: 37083K(37440K)->37083K(37440K) Class: 4946K(5184K)->4946K(5184K)
[2024-10-20T22:32:54.739+0200][gc          ] GC(8) Pause Young (Normal) (G1 Evacuation Pause) 197M->152M(1024M) 6,923ms
[2024-10-20T22:32:54.739+0200][gc,cpu      ] GC(8) User=0,04s Sys=0,00s Real=0,01s
[2024-10-20T22:41:44.644+0200][gc,start    ] GC(9) Pause Young (Normal) (G1 Evacuation Pause)
[2024-10-20T22:41:44.644+0200][gc,task     ] GC(9) Using 8 workers of 8 for evacuation
[2024-10-20T22:41:44.653+0200][gc,phases   ] GC(9)   Pre Evacuate Collection Set: 0,2ms
[2024-10-20T22:41:44.653+0200][gc,phases   ] GC(9)   Merge Heap Roots: 0,1ms
[2024-10-20T22:41:44.653+0200][gc,phases   ] GC(9)   Evacuate Collection Set: 8,1ms
[2024-10-20T22:41:44.653+0200][gc,phases   ] GC(9)   Post Evacuate Collection Set: 0,4ms
[2024-10-20T22:41:44.653+0200][gc,phases   ] GC(9)   Other: 0,2ms
[2024-10-20T22:41:44.653+0200][gc,heap     ] GC(9) Eden regions: 45->0(46)
[2024-10-20T22:41:44.653+0200][gc,heap     ] GC(9) Survivor regions: 6->5(7)
[2024-10-20T22:41:44.653+0200][gc,heap     ] GC(9) Old regions: 17->22
[2024-10-20T22:41:44.653+0200][gc,heap     ] GC(9) Archive regions: 2->2
[2024-10-20T22:41:44.653+0200][gc,heap     ] GC(9) Humongous regions: 129->129
[2024-10-20T22:41:44.653+0200][gc,metaspace] GC(9) Metaspace: 42146K(42752K)->42146K(42752K) NonClass: 37200K(37568K)->37200K(37568K) Class: 4946K(5184K)->4946K(5184K)
[2024-10-20T22:41:44.653+0200][gc          ] GC(9) Pause Young (Normal) (G1 Evacuation Pause) 197M->155M(1024M) 9,011ms
[2024-10-20T22:41:44.653+0200][gc,cpu      ] GC(9) User=0,05s Sys=0,00s Real=0,01s
[2024-10-20T22:50:55.093+0200][gc,start    ] GC(10) Pause Young (Normal) (G1 Evacuation Pause)
[2024-10-20T22:50:55.100+0200][gc,task     ] GC(10) Using 8 workers of 8 for evacuation
[2024-10-20T22:50:55.108+0200][gc,phases   ] GC(10)   Pre Evacuate Collection Set: 0,4ms
[2024-10-20T22:50:55.108+0200][gc,phases   ] GC(10)   Merge Heap Roots: 0,1ms
[2024-10-20T22:50:55.108+0200][gc,phases   ] GC(10)   Evacuate Collection Set: 7,5ms
[2024-10-20T22:50:55.108+0200][gc,phases   ] GC(10)   Post Evacuate Collection Set: 0,5ms
[2024-10-20T22:50:55.108+0200][gc,phases   ] GC(10)   Other: 7,1ms
[2024-10-20T22:50:55.108+0200][gc,heap     ] GC(10) Eden regions: 46->0(61)
[2024-10-20T22:50:55.109+0200][gc,heap     ] GC(10) Survivor regions: 5->4(7)
[2024-10-20T22:50:55.109+0200][gc,heap     ] GC(10) Old regions: 22->25
[2024-10-20T22:50:55.109+0200][gc,heap     ] GC(10) Archive regions: 2->2
[2024-10-20T22:50:55.109+0200][gc,heap     ] GC(10) Humongous regions: 129->129
[2024-10-20T22:50:55.109+0200][gc,metaspace] GC(10) Metaspace: 42234K(42816K)->42234K(42816K) NonClass: 37287K(37632K)->37287K(37632K) Class: 4946K(5184K)->4946K(5184K)
[2024-10-20T22:50:55.109+0200][gc          ] GC(10) Pause Young (Normal) (G1 Evacuation Pause) 201M->158M(1024M) 15,909ms
[2024-10-20T22:50:55.109+0200][gc,cpu      ] GC(10) User=0,05s Sys=0,01s Real=0,02s
[2024-10-20T23:03:22.599+0200][gc,start    ] GC(11) Pause Young (Normal) (G1 Evacuation Pause)
[2024-10-20T23:03:22.606+0200][gc,task     ] GC(11) Using 8 workers of 8 for evacuation
[2024-10-20T23:03:22.619+0200][gc,phases   ] GC(11)   Pre Evacuate Collection Set: 0,2ms
[2024-10-20T23:03:22.619+0200][gc,phases   ] GC(11)   Merge Heap Roots: 0,1ms
[2024-10-20T23:03:22.620+0200][gc,phases   ] GC(11)   Evacuate Collection Set: 8,9ms
[2024-10-20T23:03:22.620+0200][gc,phases   ] GC(11)   Post Evacuate Collection Set: 2,3ms
[2024-10-20T23:03:22.620+0200][gc,phases   ] GC(11)   Other: 9,1ms
[2024-10-20T23:03:22.620+0200][gc,heap     ] GC(11) Eden regions: 61->0(43)
[2024-10-20T23:03:22.620+0200][gc,heap     ] GC(11) Survivor regions: 4->8(9)
[2024-10-20T23:03:22.620+0200][gc,heap     ] GC(11) Old regions: 25->25
[2024-10-20T23:03:22.620+0200][gc,heap     ] GC(11) Archive regions: 2->2
[2024-10-20T23:03:22.620+0200][gc,heap     ] GC(11) Humongous regions: 129->129
[2024-10-20T23:03:22.620+0200][gc,metaspace] GC(11) Metaspace: 42574K(43136K)->42574K(43136K) NonClass: 37626K(37952K)->37626K(37952K) Class: 4947K(5184K)->4947K(5184K)
[2024-10-20T23:03:22.620+0200][gc          ] GC(11) Pause Young (Normal) (G1 Evacuation Pause) 219M->162M(1024M) 20,863ms
[2024-10-20T23:03:22.620+0200][gc,cpu      ] GC(11) User=0,04s Sys=0,02s Real=0,02s
[2024-10-20T23:11:56.931+0200][gc,start    ] GC(12) Pause Young (Normal) (G1 Evacuation Pause)
[2024-10-20T23:11:56.938+0200][gc,task     ] GC(12) Using 8 workers of 8 for evacuation
[2024-10-20T23:11:56.952+0200][gc,phases   ] GC(12)   Pre Evacuate Collection Set: 0,2ms
[2024-10-20T23:11:56.952+0200][gc,phases   ] GC(12)   Merge Heap Roots: 0,1ms
[2024-10-20T23:11:56.952+0200][gc,phases   ] GC(12)   Evacuate Collection Set: 10,7ms
[2024-10-20T23:11:56.952+0200][gc,phases   ] GC(12)   Post Evacuate Collection Set: 3,6ms
[2024-10-20T23:11:56.952+0200][gc,phases   ] GC(12)   Other: 6,8ms
[2024-10-20T23:11:56.952+0200][gc,heap     ] GC(12) Eden regions: 43->0(62)
[2024-10-20T23:11:56.952+0200][gc,heap     ] GC(12) Survivor regions: 8->4(7)
[2024-10-20T23:11:56.952+0200][gc,heap     ] GC(12) Old regions: 25->32
[2024-10-20T23:11:56.952+0200][gc,heap     ] GC(12) Archive regions: 2->2
[2024-10-20T23:11:56.952+0200][gc,heap     ] GC(12) Humongous regions: 129->129
[2024-10-20T23:11:56.952+0200][gc,metaspace] GC(12) Metaspace: 42587K(43136K)->42587K(43136K) NonClass: 37640K(37952K)->37640K(37952K) Class: 4947K(5184K)->4947K(5184K)
[2024-10-20T23:11:56.953+0200][gc          ] GC(12) Pause Young (Normal) (G1 Evacuation Pause) 205M->165M(1024M) 21,614ms
[2024-10-20T23:11:56.953+0200][gc,cpu      ] GC(12) User=0,07s Sys=0,02s Real=0,02s
[2024-10-20T23:15:50.875+0200][gc,heap,exit] Heap
[2024-10-20T23:15:50.875+0200][gc,heap,exit]  garbage-first heap   total 1048576K, used 203659K [0x00000000c0000000, 0x0000000100000000)
[2024-10-20T23:15:50.875+0200][gc,heap,exit]   region size 1024K, 38 young (38912K), 4 survivors (4096K)
[2024-10-20T23:15:50.875+0200][gc,heap,exit]  Metaspace       used 43505K, committed 44032K, reserved 1114112K
[2024-10-20T23:15:50.875+0200][gc,heap,exit]   class space    used 5136K, committed 5376K, reserved 1048576K
