[2024-10-09T20:33:53.207+0200][gc] Using G1
[2024-10-09T20:33:53.222+0200][gc,init] Version: 17.0.12+7-Ubuntu-1ubuntu222.04 (release)
[2024-10-09T20:33:53.222+0200][gc,init] CPUs: 8 total, 8 available
[2024-10-09T20:33:53.222+0200][gc,init] Memory: 6865M
[2024-10-09T20:33:53.222+0200][gc,init] Large Page Support: Disabled
[2024-10-09T20:33:53.222+0200][gc,init] NUMA Support: Disabled
[2024-10-09T20:33:53.222+0200][gc,init] Compressed Oops: Enabled (32-bit)
[2024-10-09T20:33:53.222+0200][gc,init] Heap Region Size: 1M
[2024-10-09T20:33:53.222+0200][gc,init] Heap Min Capacity: 1G
[2024-10-09T20:33:53.222+0200][gc,init] Heap Initial Capacity: 1G
[2024-10-09T20:33:53.222+0200][gc,init] Heap Max Capacity: 1G
[2024-10-09T20:33:53.222+0200][gc,init] Pre-touch: Disabled
[2024-10-09T20:33:53.222+0200][gc,init] Parallel Workers: 8
[2024-10-09T20:33:53.222+0200][gc,init] Concurrent Workers: 2
[2024-10-09T20:33:53.222+0200][gc,init] Concurrent Refinement Workers: 8
[2024-10-09T20:33:53.222+0200][gc,init] Periodic GC: Disabled
[2024-10-09T20:33:53.233+0200][gc,metaspace] CDS archive(s) mapped at: [0x0000777d4f000000-0x0000777d4fbc4000-0x0000777d4fbc4000), size 12337152, SharedBaseAddress: 0x0000777d4f000000, ArchiveRelocationMode: 1.
[2024-10-09T20:33:53.233+0200][gc,metaspace] Compressed class space mapped at: 0x0000777d50000000-0x0000777d90000000, reserved size: 1073741824
[2024-10-09T20:33:53.233+0200][gc,metaspace] Narrow klass base: 0x0000777d4f000000, Narrow klass shift: 0, Narrow klass range: 0x100000000
[2024-10-09T20:33:54.690+0200][gc,start    ] GC(0) Pause Young (Normal) (G1 Evacuation Pause)
[2024-10-09T20:33:54.692+0200][gc,task     ] GC(0) Using 8 workers of 8 for evacuation
[2024-10-09T20:33:54.699+0200][gc,phases   ] GC(0)   Pre Evacuate Collection Set: 0,2ms
[2024-10-09T20:33:54.699+0200][gc,phases   ] GC(0)   Merge Heap Roots: 0,1ms
[2024-10-09T20:33:54.699+0200][gc,phases   ] GC(0)   Evacuate Collection Set: 5,1ms
[2024-10-09T20:33:54.699+0200][gc,phases   ] GC(0)   Post Evacuate Collection Set: 1,3ms
[2024-10-09T20:33:54.699+0200][gc,phases   ] GC(0)   Other: 1,7ms
[2024-10-09T20:33:54.699+0200][gc,heap     ] GC(0) Eden regions: 51->0(44)
[2024-10-09T20:33:54.699+0200][gc,heap     ] GC(0) Survivor regions: 0->7(7)
[2024-10-09T20:33:54.699+0200][gc,heap     ] GC(0) Old regions: 0->1
[2024-10-09T20:33:54.699+0200][gc,heap     ] GC(0) Archive regions: 2->2
[2024-10-09T20:33:54.699+0200][gc,heap     ] GC(0) Humongous regions: 0->0
[2024-10-09T20:33:54.699+0200][gc,metaspace] GC(0) Metaspace: 17775K(17984K)->17775K(17984K) NonClass: 15636K(15744K)->15636K(15744K) Class: 2139K(2240K)->2139K(2240K)
[2024-10-09T20:33:54.699+0200][gc          ] GC(0) Pause Young (Normal) (G1 Evacuation Pause) 51M->8M(1024M) 8,610ms
[2024-10-09T20:33:54.699+0200][gc,cpu      ] GC(0) User=0,04s Sys=0,01s Real=0,01s
[2024-10-09T20:33:55.061+0200][gc,start    ] GC(1) Pause Young (Concurrent Start) (Metadata GC Threshold)
[2024-10-09T20:33:55.061+0200][gc,task     ] GC(1) Using 8 workers of 8 for evacuation
[2024-10-09T20:33:55.068+0200][gc,phases   ] GC(1)   Pre Evacuate Collection Set: 0,2ms
[2024-10-09T20:33:55.068+0200][gc,phases   ] GC(1)   Merge Heap Roots: 0,1ms
[2024-10-09T20:33:55.068+0200][gc,phases   ] GC(1)   Evacuate Collection Set: 5,1ms
[2024-10-09T20:33:55.068+0200][gc,phases   ] GC(1)   Post Evacuate Collection Set: 1,0ms
[2024-10-09T20:33:55.068+0200][gc,phases   ] GC(1)   Other: 0,4ms
[2024-10-09T20:33:55.068+0200][gc,heap     ] GC(1) Eden regions: 15->0(49)
[2024-10-09T20:33:55.068+0200][gc,heap     ] GC(1) Survivor regions: 7->2(7)
[2024-10-09T20:33:55.068+0200][gc,heap     ] GC(1) Old regions: 1->8
[2024-10-09T20:33:55.068+0200][gc,heap     ] GC(1) Archive regions: 2->2
[2024-10-09T20:33:55.068+0200][gc,heap     ] GC(1) Humongous regions: 0->0
[2024-10-09T20:33:55.068+0200][gc,metaspace] GC(1) Metaspace: 21334K(21504K)->21334K(21504K) NonClass: 18751K(18816K)->18751K(18816K) Class: 2582K(2688K)->2582K(2688K)
[2024-10-09T20:33:55.068+0200][gc          ] GC(1) Pause Young (Concurrent Start) (Metadata GC Threshold) 23M->10M(1024M) 6,833ms
[2024-10-09T20:33:55.068+0200][gc,cpu      ] GC(1) User=0,03s Sys=0,02s Real=0,01s
[2024-10-09T20:33:55.068+0200][gc          ] GC(2) Concurrent Mark Cycle
[2024-10-09T20:33:55.068+0200][gc,marking  ] GC(2) Concurrent Clear Claimed Marks
[2024-10-09T20:33:55.068+0200][gc,marking  ] GC(2) Concurrent Clear Claimed Marks 0,032ms
[2024-10-09T20:33:55.068+0200][gc,marking  ] GC(2) Concurrent Scan Root Regions
[2024-10-09T20:33:55.071+0200][gc,marking  ] GC(2) Concurrent Scan Root Regions 2,587ms
[2024-10-09T20:33:55.071+0200][gc,marking  ] GC(2) Concurrent Mark
[2024-10-09T20:33:55.071+0200][gc,marking  ] GC(2) Concurrent Mark From Roots
[2024-10-09T20:33:55.071+0200][gc,task     ] GC(2) Using 2 workers of 2 for marking
[2024-10-09T20:33:55.072+0200][gc,marking  ] GC(2) Concurrent Mark From Roots 1,654ms
[2024-10-09T20:33:55.072+0200][gc,marking  ] GC(2) Concurrent Preclean
[2024-10-09T20:33:55.072+0200][gc,marking  ] GC(2) Concurrent Preclean 0,105ms
[2024-10-09T20:33:55.073+0200][gc,start    ] GC(2) Pause Remark
[2024-10-09T20:33:55.074+0200][gc          ] GC(2) Pause Remark 10M->10M(1024M) 1,905ms
[2024-10-09T20:33:55.075+0200][gc,cpu      ] GC(2) User=0,01s Sys=0,00s Real=0,01s
[2024-10-09T20:33:55.075+0200][gc,marking  ] GC(2) Concurrent Mark 3,930ms
[2024-10-09T20:33:55.075+0200][gc,marking  ] GC(2) Concurrent Rebuild Remembered Sets
[2024-10-09T20:33:55.075+0200][gc,marking  ] GC(2) Concurrent Rebuild Remembered Sets 0,027ms
[2024-10-09T20:33:55.075+0200][gc,start    ] GC(2) Pause Cleanup
[2024-10-09T20:33:55.075+0200][gc          ] GC(2) Pause Cleanup 10M->10M(1024M) 0,033ms
[2024-10-09T20:33:55.075+0200][gc,cpu      ] GC(2) User=0,00s Sys=0,00s Real=0,00s
[2024-10-09T20:33:55.075+0200][gc,marking  ] GC(2) Concurrent Cleanup for Next Mark
[2024-10-09T20:33:55.081+0200][gc,marking  ] GC(2) Concurrent Cleanup for Next Mark 6,003ms
[2024-10-09T20:33:55.081+0200][gc          ] GC(2) Concurrent Mark Cycle 13,132ms
[2024-10-09T20:33:55.912+0200][gc,start    ] GC(3) Pause Young (Normal) (G1 Evacuation Pause)
[2024-10-09T20:33:55.912+0200][gc,task     ] GC(3) Using 8 workers of 8 for evacuation
[2024-10-09T20:33:55.917+0200][gc,phases   ] GC(3)   Pre Evacuate Collection Set: 0,2ms
[2024-10-09T20:33:55.917+0200][gc,phases   ] GC(3)   Merge Heap Roots: 0,1ms
[2024-10-09T20:33:55.917+0200][gc,phases   ] GC(3)   Evacuate Collection Set: 4,0ms
[2024-10-09T20:33:55.917+0200][gc,phases   ] GC(3)   Post Evacuate Collection Set: 0,8ms
[2024-10-09T20:33:55.917+0200][gc,phases   ] GC(3)   Other: 0,3ms
[2024-10-09T20:33:55.917+0200][gc,heap     ] GC(3) Eden regions: 49->0(44)
[2024-10-09T20:33:55.917+0200][gc,heap     ] GC(3) Survivor regions: 2->7(7)
[2024-10-09T20:33:55.917+0200][gc,heap     ] GC(3) Old regions: 8->8
[2024-10-09T20:33:55.917+0200][gc,heap     ] GC(3) Archive regions: 2->2
[2024-10-09T20:33:55.917+0200][gc,heap     ] GC(3) Humongous regions: 129->129
[2024-10-09T20:33:55.917+0200][gc,metaspace] GC(3) Metaspace: 32511K(32768K)->32511K(32768K) NonClass: 28867K(28992K)->28867K(28992K) Class: 3643K(3776K)->3643K(3776K)
[2024-10-09T20:33:55.917+0200][gc          ] GC(3) Pause Young (Normal) (G1 Evacuation Pause) 188M->144M(1024M) 5,406ms
[2024-10-09T20:33:55.917+0200][gc,cpu      ] GC(3) User=0,02s Sys=0,01s Real=0,01s
[2024-10-09T20:33:56.175+0200][gc,start    ] GC(4) Pause Young (Concurrent Start) (Metadata GC Threshold)
[2024-10-09T20:33:56.175+0200][gc,task     ] GC(4) Using 8 workers of 8 for evacuation
[2024-10-09T20:33:56.184+0200][gc,phases   ] GC(4)   Pre Evacuate Collection Set: 0,2ms
[2024-10-09T20:33:56.184+0200][gc,phases   ] GC(4)   Merge Heap Roots: 0,1ms
[2024-10-09T20:33:56.184+0200][gc,phases   ] GC(4)   Evacuate Collection Set: 7,5ms
[2024-10-09T20:33:56.184+0200][gc,phases   ] GC(4)   Post Evacuate Collection Set: 0,9ms
[2024-10-09T20:33:56.184+0200][gc,phases   ] GC(4)   Other: 0,3ms
[2024-10-09T20:33:56.184+0200][gc,heap     ] GC(4) Eden regions: 15->0(49)
[2024-10-09T20:33:56.184+0200][gc,heap     ] GC(4) Survivor regions: 7->2(7)
[2024-10-09T20:33:56.184+0200][gc,heap     ] GC(4) Old regions: 8->14
[2024-10-09T20:33:56.184+0200][gc,heap     ] GC(4) Archive regions: 2->2
[2024-10-09T20:33:56.184+0200][gc,heap     ] GC(4) Humongous regions: 129->129
[2024-10-09T20:33:56.184+0200][gc,metaspace] GC(4) Metaspace: 35700K(35968K)->35700K(35968K) NonClass: 31629K(31744K)->31629K(31744K) Class: 4070K(4224K)->4070K(4224K)
[2024-10-09T20:33:56.184+0200][gc          ] GC(4) Pause Young (Concurrent Start) (Metadata GC Threshold) 158M->145M(1024M) 9,113ms
[2024-10-09T20:33:56.184+0200][gc,cpu      ] GC(4) User=0,04s Sys=0,01s Real=0,00s
[2024-10-09T20:33:56.184+0200][gc          ] GC(5) Concurrent Mark Cycle
[2024-10-09T20:33:56.184+0200][gc,marking  ] GC(5) Concurrent Clear Claimed Marks
[2024-10-09T20:33:56.184+0200][gc,marking  ] GC(5) Concurrent Clear Claimed Marks 0,036ms
[2024-10-09T20:33:56.184+0200][gc,marking  ] GC(5) Concurrent Scan Root Regions
[2024-10-09T20:33:56.188+0200][gc,marking  ] GC(5) Concurrent Scan Root Regions 3,738ms
[2024-10-09T20:33:56.188+0200][gc,marking  ] GC(5) Concurrent Mark
[2024-10-09T20:33:56.188+0200][gc,marking  ] GC(5) Concurrent Mark From Roots
[2024-10-09T20:33:56.188+0200][gc,task     ] GC(5) Using 2 workers of 2 for marking
[2024-10-09T20:33:56.196+0200][gc,marking  ] GC(5) Concurrent Mark From Roots 7,982ms
[2024-10-09T20:33:56.196+0200][gc,marking  ] GC(5) Concurrent Preclean
[2024-10-09T20:33:56.196+0200][gc,marking  ] GC(5) Concurrent Preclean 0,194ms
[2024-10-09T20:33:56.196+0200][gc,start    ] GC(5) Pause Remark
[2024-10-09T20:33:56.198+0200][gc          ] GC(5) Pause Remark 145M->145M(1024M) 2,085ms
[2024-10-09T20:33:56.198+0200][gc,cpu      ] GC(5) User=0,01s Sys=0,00s Real=0,00s
[2024-10-09T20:33:56.198+0200][gc,marking  ] GC(5) Concurrent Mark 10,608ms
[2024-10-09T20:33:56.198+0200][gc,marking  ] GC(5) Concurrent Rebuild Remembered Sets
[2024-10-09T20:33:56.198+0200][gc,marking  ] GC(5) Concurrent Rebuild Remembered Sets 0,012ms
[2024-10-09T20:33:56.199+0200][gc,start    ] GC(5) Pause Cleanup
[2024-10-09T20:33:56.199+0200][gc          ] GC(5) Pause Cleanup 145M->145M(1024M) 0,032ms
[2024-10-09T20:33:56.199+0200][gc,cpu      ] GC(5) User=0,00s Sys=0,00s Real=0,00s
[2024-10-09T20:33:56.199+0200][gc,marking  ] GC(5) Concurrent Cleanup for Next Mark
[2024-10-09T20:33:56.206+0200][gc,marking  ] GC(5) Concurrent Cleanup for Next Mark 7,079ms
[2024-10-09T20:33:56.206+0200][gc          ] GC(5) Concurrent Mark Cycle 21,900ms
[2024-10-09T21:19:25.048+0200][gc,start    ] GC(6) Pause Young (Normal) (G1 Evacuation Pause)
[2024-10-09T21:19:25.048+0200][gc,task     ] GC(6) Using 8 workers of 8 for evacuation
[2024-10-09T21:19:25.053+0200][gc,phases   ] GC(6)   Pre Evacuate Collection Set: 0,3ms
[2024-10-09T21:19:25.053+0200][gc,phases   ] GC(6)   Merge Heap Roots: 0,2ms
[2024-10-09T21:19:25.053+0200][gc,phases   ] GC(6)   Evacuate Collection Set: 3,0ms
[2024-10-09T21:19:25.053+0200][gc,phases   ] GC(6)   Post Evacuate Collection Set: 1,4ms
[2024-10-09T21:19:25.053+0200][gc,phases   ] GC(6)   Other: 0,3ms
[2024-10-09T21:19:25.053+0200][gc,heap     ] GC(6) Eden regions: 49->0(49)
[2024-10-09T21:19:25.053+0200][gc,heap     ] GC(6) Survivor regions: 2->2(7)
[2024-10-09T21:19:25.053+0200][gc,heap     ] GC(6) Old regions: 14->14
[2024-10-09T21:19:25.053+0200][gc,heap     ] GC(6) Archive regions: 2->2
[2024-10-09T21:19:25.053+0200][gc,heap     ] GC(6) Humongous regions: 129->129
[2024-10-09T21:19:25.053+0200][gc,metaspace] GC(6) Metaspace: 39307K(39744K)->39307K(39744K) NonClass: 34624K(34880K)->34624K(34880K) Class: 4682K(4864K)->4682K(4864K)
[2024-10-09T21:19:25.053+0200][gc          ] GC(6) Pause Young (Normal) (G1 Evacuation Pause) 194M->145M(1024M) 5,512ms
[2024-10-09T21:19:25.053+0200][gc,cpu      ] GC(6) User=0,02s Sys=0,00s Real=0,00s
[2024-10-09T21:28:40.436+0200][gc,start    ] GC(7) Pause Young (Normal) (G1 Evacuation Pause)
[2024-10-09T21:28:40.436+0200][gc,task     ] GC(7) Using 8 workers of 8 for evacuation
[2024-10-09T21:28:40.446+0200][gc,phases   ] GC(7)   Pre Evacuate Collection Set: 0,4ms
[2024-10-09T21:28:40.446+0200][gc,phases   ] GC(7)   Merge Heap Roots: 0,2ms
[2024-10-09T21:28:40.446+0200][gc,phases   ] GC(7)   Evacuate Collection Set: 7,6ms
[2024-10-09T21:28:40.446+0200][gc,phases   ] GC(7)   Post Evacuate Collection Set: 1,3ms
[2024-10-09T21:28:40.446+0200][gc,phases   ] GC(7)   Other: 0,6ms
[2024-10-09T21:28:40.446+0200][gc,heap     ] GC(7) Eden regions: 49->0(45)
[2024-10-09T21:28:40.446+0200][gc,heap     ] GC(7) Survivor regions: 2->6(7)
[2024-10-09T21:28:40.446+0200][gc,heap     ] GC(7) Old regions: 14->14
[2024-10-09T21:28:40.446+0200][gc,heap     ] GC(7) Archive regions: 2->2
[2024-10-09T21:28:40.446+0200][gc,heap     ] GC(7) Humongous regions: 129->129
[2024-10-09T21:28:40.446+0200][gc,metaspace] GC(7) Metaspace: 42768K(43392K)->42768K(43392K) NonClass: 37671K(38016K)->37671K(38016K) Class: 5097K(5376K)->5097K(5376K)
[2024-10-09T21:28:40.446+0200][gc          ] GC(7) Pause Young (Normal) (G1 Evacuation Pause) 194M->149M(1024M) 10,350ms
[2024-10-09T21:28:40.446+0200][gc,cpu      ] GC(7) User=0,05s Sys=0,01s Real=0,01s
[2024-10-09T21:37:04.351+0200][gc,heap,exit] Heap
[2024-10-09T21:37:04.351+0200][gc,heap,exit]  garbage-first heap   total 1048576K, used 195911K [0x00000000c0000000, 0x0000000100000000)
[2024-10-09T21:37:04.352+0200][gc,heap,exit]   region size 1024K, 48 young (49152K), 6 survivors (6144K)
[2024-10-09T21:37:04.352+0200][gc,heap,exit]  Metaspace       used 43794K, committed 44416K, reserved 1114112K
[2024-10-09T21:37:04.352+0200][gc,heap,exit]   class space    used 5297K, committed 5568K, reserved 1048576K
