[2024-10-20T22:11:09.809+0200][gc] Using G1
[2024-10-20T22:11:09.816+0200][gc,init] Version: 17.0.12+7-Ubuntu-1ubuntu222.04 (release)
[2024-10-20T22:11:09.816+0200][gc,init] CPUs: 8 total, 8 available
[2024-10-20T22:11:09.816+0200][gc,init] Memory: 6865M
[2024-10-20T22:11:09.816+0200][gc,init] Large Page Support: Disabled
[2024-10-20T22:11:09.816+0200][gc,init] NUMA Support: Disabled
[2024-10-20T22:11:09.816+0200][gc,init] Compressed Oops: Enabled (32-bit)
[2024-10-20T22:11:09.816+0200][gc,init] Heap Region Size: 1M
[2024-10-20T22:11:09.816+0200][gc,init] Heap Min Capacity: 512M
[2024-10-20T22:11:09.816+0200][gc,init] Heap Initial Capacity: 512M
[2024-10-20T22:11:09.816+0200][gc,init] Heap Max Capacity: 512M
[2024-10-20T22:11:09.816+0200][gc,init] Pre-touch: Disabled
[2024-10-20T22:11:09.816+0200][gc,init] Parallel Workers: 8
[2024-10-20T22:11:09.816+0200][gc,init] Concurrent Workers: 2
[2024-10-20T22:11:09.816+0200][gc,init] Concurrent Refinement Workers: 8
[2024-10-20T22:11:09.816+0200][gc,init] Periodic GC: Disabled
[2024-10-20T22:11:09.825+0200][gc,metaspace] CDS archive(s) mapped at: [0x00007b6447000000-0x00007b6447bc4000-0x00007b6447bc4000), size 12337152, SharedBaseAddress: 0x00007b6447000000, ArchiveRelocationMode: 1.
[2024-10-20T22:11:09.825+0200][gc,metaspace] Compressed class space mapped at: 0x00007b6448000000-0x00007b6488000000, reserved size: 1073741824
[2024-10-20T22:11:09.825+0200][gc,metaspace] Narrow klass base: 0x00007b6447000000, Narrow klass shift: 0, Narrow klass range: 0x100000000
[2024-10-20T22:11:16.546+0200][gc,start    ] GC(0) Pause Young (Normal) (G1 Evacuation Pause)
[2024-10-20T22:11:16.548+0200][gc,task     ] GC(0) Using 8 workers of 8 for evacuation
[2024-10-20T22:11:16.555+0200][gc,phases   ] GC(0)   Pre Evacuate Collection Set: 0,1ms
[2024-10-20T22:11:16.555+0200][gc,phases   ] GC(0)   Merge Heap Roots: 0,1ms
[2024-10-20T22:11:16.555+0200][gc,phases   ] GC(0)   Evacuate Collection Set: 5,7ms
[2024-10-20T22:11:16.555+0200][gc,phases   ] GC(0)   Post Evacuate Collection Set: 0,6ms
[2024-10-20T22:11:16.555+0200][gc,phases   ] GC(0)   Other: 2,0ms
[2024-10-20T22:11:16.555+0200][gc,heap     ] GC(0) Eden regions: 25->0(21)
[2024-10-20T22:11:16.555+0200][gc,heap     ] GC(0) Survivor regions: 0->4(4)
[2024-10-20T22:11:16.555+0200][gc,heap     ] GC(0) Old regions: 0->5
[2024-10-20T22:11:16.555+0200][gc,heap     ] GC(0) Archive regions: 2->2
[2024-10-20T22:11:16.555+0200][gc,heap     ] GC(0) Humongous regions: 0->0
[2024-10-20T22:11:16.555+0200][gc,metaspace] GC(0) Metaspace: 7937K(8064K)->7937K(8064K) NonClass: 7049K(7104K)->7049K(7104K) Class: 888K(960K)->888K(960K)
[2024-10-20T22:11:16.555+0200][gc          ] GC(0) Pause Young (Normal) (G1 Evacuation Pause) 25M->9M(512M) 8,744ms
[2024-10-20T22:11:16.555+0200][gc,cpu      ] GC(0) User=0,03s Sys=0,02s Real=0,01s
[2024-10-20T23:15:52.004+0200][gc,heap,exit] Heap
[2024-10-20T23:15:52.005+0200][gc,heap,exit]  garbage-first heap   total 524288K, used 17766K [0x00000000e0000000, 0x0000000100000000)
[2024-10-20T23:15:52.005+0200][gc,heap,exit]   region size 1024K, 13 young (13312K), 4 survivors (4096K)
[2024-10-20T23:15:52.005+0200][gc,heap,exit]  Metaspace       used 8862K, committed 9088K, reserved 1114112K
[2024-10-20T23:15:52.005+0200][gc,heap,exit]   class space    used 939K, committed 1024K, reserved 1048576K
