[2024-10-20T16:16:02.661+0200][gc] Using G1
[2024-10-20T16:16:02.669+0200][gc,init] Version: 17.0.12+7-Ubuntu-1ubuntu222.04 (release)
[2024-10-20T16:16:02.669+0200][gc,init] CPUs: 8 total, 8 available
[2024-10-20T16:16:02.669+0200][gc,init] Memory: 6865M
[2024-10-20T16:16:02.669+0200][gc,init] Large Page Support: Disabled
[2024-10-20T16:16:02.669+0200][gc,init] NUMA Support: Disabled
[2024-10-20T16:16:02.669+0200][gc,init] Compressed Oops: Enabled (32-bit)
[2024-10-20T16:16:02.669+0200][gc,init] Heap Region Size: 1M
[2024-10-20T16:16:02.669+0200][gc,init] Heap Min Capacity: 512M
[2024-10-20T16:16:02.669+0200][gc,init] Heap Initial Capacity: 512M
[2024-10-20T16:16:02.669+0200][gc,init] Heap Max Capacity: 512M
[2024-10-20T16:16:02.669+0200][gc,init] Pre-touch: Disabled
[2024-10-20T16:16:02.669+0200][gc,init] Parallel Workers: 8
[2024-10-20T16:16:02.669+0200][gc,init] Concurrent Workers: 2
[2024-10-20T16:16:02.669+0200][gc,init] Concurrent Refinement Workers: 8
[2024-10-20T16:16:02.669+0200][gc,init] Periodic GC: Disabled
[2024-10-20T16:16:02.678+0200][gc,metaspace] CDS archive(s) mapped at: [0x0000762c8f000000-0x0000762c8fbc4000-0x0000762c8fbc4000), size 12337152, SharedBaseAddress: 0x0000762c8f000000, ArchiveRelocationMode: 1.
[2024-10-20T16:16:02.679+0200][gc,metaspace] Compressed class space mapped at: 0x0000762c90000000-0x0000762cd0000000, reserved size: 1073741824
[2024-10-20T16:16:02.679+0200][gc,metaspace] Narrow klass base: 0x0000762c8f000000, Narrow klass shift: 0, Narrow klass range: 0x100000000
[2024-10-20T16:16:38.354+0200][gc,start    ] GC(0) Pause Young (Normal) (G1 Evacuation Pause)
[2024-10-20T16:16:38.355+0200][gc,task     ] GC(0) Using 8 workers of 8 for evacuation
[2024-10-20T16:16:38.359+0200][gc,phases   ] GC(0)   Pre Evacuate Collection Set: 0,1ms
[2024-10-20T16:16:38.359+0200][gc,phases   ] GC(0)   Merge Heap Roots: 0,0ms
[2024-10-20T16:16:38.359+0200][gc,phases   ] GC(0)   Evacuate Collection Set: 3,6ms
[2024-10-20T16:16:38.359+0200][gc,phases   ] GC(0)   Post Evacuate Collection Set: 0,5ms
[2024-10-20T16:16:38.359+0200][gc,phases   ] GC(0)   Other: 1,1ms
[2024-10-20T16:16:38.359+0200][gc,heap     ] GC(0) Eden regions: 25->0(21)
[2024-10-20T16:16:38.359+0200][gc,heap     ] GC(0) Survivor regions: 0->4(4)
[2024-10-20T16:16:38.359+0200][gc,heap     ] GC(0) Old regions: 0->4
[2024-10-20T16:16:38.359+0200][gc,heap     ] GC(0) Archive regions: 2->2
[2024-10-20T16:16:38.359+0200][gc,heap     ] GC(0) Humongous regions: 0->0
[2024-10-20T16:16:38.359+0200][gc,metaspace] GC(0) Metaspace: 8095K(8256K)->8095K(8256K) NonClass: 7189K(7296K)->7189K(7296K) Class: 905K(960K)->905K(960K)
[2024-10-20T16:16:38.359+0200][gc          ] GC(0) Pause Young (Normal) (G1 Evacuation Pause) 25M->8M(512M) 5,461ms
[2024-10-20T16:16:38.359+0200][gc,cpu      ] GC(0) User=0,02s Sys=0,01s Real=0,01s
[2024-10-20T16:24:43.910+0200][gc,heap,exit] Heap
[2024-10-20T16:24:43.910+0200][gc,heap,exit]  garbage-first heap   total 524288K, used 16954K [0x00000000e0000000, 0x0000000100000000)
[2024-10-20T16:24:43.910+0200][gc,heap,exit]   region size 1024K, 12 young (12288K), 4 survivors (4096K)
[2024-10-20T16:24:43.910+0200][gc,heap,exit]  Metaspace       used 8726K, committed 8896K, reserved 1114112K
[2024-10-20T16:24:43.910+0200][gc,heap,exit]   class space    used 939K, committed 1024K, reserved 1048576K
