[2024-10-09T20:31:04.205+0200][gc] Using G1
[2024-10-09T20:31:04.213+0200][gc,init] Version: 17.0.12+7-Ubuntu-1ubuntu222.04 (release)
[2024-10-09T20:31:04.213+0200][gc,init] CPUs: 8 total, 8 available
[2024-10-09T20:31:04.213+0200][gc,init] Memory: 6865M
[2024-10-09T20:31:04.213+0200][gc,init] Large Page Support: Disabled
[2024-10-09T20:31:04.213+0200][gc,init] NUMA Support: Disabled
[2024-10-09T20:31:04.213+0200][gc,init] Compressed Oops: Enabled (32-bit)
[2024-10-09T20:31:04.213+0200][gc,init] Heap Region Size: 1M
[2024-10-09T20:31:04.213+0200][gc,init] Heap Min Capacity: 512M
[2024-10-09T20:31:04.213+0200][gc,init] Heap Initial Capacity: 512M
[2024-10-09T20:31:04.213+0200][gc,init] Heap Max Capacity: 512M
[2024-10-09T20:31:04.213+0200][gc,init] Pre-touch: Disabled
[2024-10-09T20:31:04.213+0200][gc,init] Parallel Workers: 8
[2024-10-09T20:31:04.213+0200][gc,init] Concurrent Workers: 2
[2024-10-09T20:31:04.213+0200][gc,init] Concurrent Refinement Workers: 8
[2024-10-09T20:31:04.213+0200][gc,init] Periodic GC: Disabled
[2024-10-09T20:31:04.221+0200][gc,metaspace] CDS archive(s) mapped at: [0x00007f79af000000-0x00007f79afbc4000-0x00007f79afbc4000), size 12337152, SharedBaseAddress: 0x00007f79af000000, ArchiveRelocationMode: 1.
[2024-10-09T20:31:04.221+0200][gc,metaspace] Compressed class space mapped at: 0x00007f79b0000000-0x00007f79f0000000, reserved size: 1073741824
[2024-10-09T20:31:04.221+0200][gc,metaspace] Narrow klass base: 0x00007f79af000000, Narrow klass shift: 0, Narrow klass range: 0x100000000
[2024-10-09T20:33:54.437+0200][gc,start    ] GC(0) Pause Young (Normal) (G1 Evacuation Pause)
[2024-10-09T20:33:54.438+0200][gc,task     ] GC(0) Using 8 workers of 8 for evacuation
[2024-10-09T20:33:54.444+0200][gc,phases   ] GC(0)   Pre Evacuate Collection Set: 0,1ms
[2024-10-09T20:33:54.444+0200][gc,phases   ] GC(0)   Merge Heap Roots: 0,1ms
[2024-10-09T20:33:54.444+0200][gc,phases   ] GC(0)   Evacuate Collection Set: 4,4ms
[2024-10-09T20:33:54.444+0200][gc,phases   ] GC(0)   Post Evacuate Collection Set: 1,0ms
[2024-10-09T20:33:54.444+0200][gc,phases   ] GC(0)   Other: 1,2ms
[2024-10-09T20:33:54.444+0200][gc,heap     ] GC(0) Eden regions: 25->0(21)
[2024-10-09T20:33:54.444+0200][gc,heap     ] GC(0) Survivor regions: 0->4(4)
[2024-10-09T20:33:54.444+0200][gc,heap     ] GC(0) Old regions: 0->5
[2024-10-09T20:33:54.444+0200][gc,heap     ] GC(0) Archive regions: 2->2
[2024-10-09T20:33:54.444+0200][gc,heap     ] GC(0) Humongous regions: 0->0
[2024-10-09T20:33:54.444+0200][gc,metaspace] GC(0) Metaspace: 7989K(8128K)->7989K(8128K) NonClass: 7099K(7168K)->7099K(7168K) Class: 890K(960K)->890K(960K)
[2024-10-09T20:33:54.444+0200][gc          ] GC(0) Pause Young (Normal) (G1 Evacuation Pause) 25M->9M(512M) 6,959ms
[2024-10-09T20:33:54.444+0200][gc,cpu      ] GC(0) User=0,01s Sys=0,01s Real=0,01s
[2024-10-09T21:37:01.061+0200][gc,heap,exit] Heap
[2024-10-09T21:37:01.062+0200][gc,heap,exit]  garbage-first heap   total 524288K, used 19680K [0x00000000e0000000, 0x0000000100000000)
[2024-10-09T21:37:01.062+0200][gc,heap,exit]   region size 1024K, 15 young (15360K), 4 survivors (4096K)
[2024-10-09T21:37:01.062+0200][gc,heap,exit]  Metaspace       used 8868K, committed 9088K, reserved 1114112K
[2024-10-09T21:37:01.062+0200][gc,heap,exit]   class space    used 937K, committed 1024K, reserved 1048576K
